MPLINK 4.49, Linker
Linker Map File - Created Sat Nov 14 15:27:54 2020

                                 Section Info
                  Section       Type    Address   Location Size(Bytes)
                ---------  ---------  ---------  ---------  ---------
                   .org_0       code   0x000000    program   0x000000
                   .org_1       code   0x000000    program   0x000004
                   .org_2       code   0x000008    program   0x000002
                   .org_3       code   0x000018    program   0x000024



                              Program Memory Usage 
                               Start         End      
                           ---------   ---------      
                            0x000000    0x000003      
                            0x000008    0x000009      
                            0x000018    0x00003b      
            42 out of 33048 program addresses used, program memory utilization is 0%



                              Symbols - Sorted by Name
                     Name    Address   Location    Storage File                     
                ---------  ---------  ---------  --------- ---------                
                   check0   0x000022    program     static D:\microP\quiz7poll\quizpolling.asm
                   check7   0x00002a    program     static D:\microP\quiz7poll\quizpolling.asm
                      on0   0x000034    program     static D:\microP\quiz7poll\quizpolling.asm
                      on7   0x000038    program     static D:\microP\quiz7poll\quizpolling.asm
                    start   0x00001a    program     static D:\microP\quiz7poll\quizpolling.asm



                              Symbols - Sorted by Address
                     Name    Address   Location    Storage File                     
                ---------  ---------  ---------  --------- ---------                
                    start   0x00001a    program     static D:\microP\quiz7poll\quizpolling.asm
                   check0   0x000022    program     static D:\microP\quiz7poll\quizpolling.asm
                   check7   0x00002a    program     static D:\microP\quiz7poll\quizpolling.asm
                      on0   0x000034    program     static D:\microP\quiz7poll\quizpolling.asm
                      on7   0x000038    program     static D:\microP\quiz7poll\quizpolling.asm


